// Jest Snapshot v1, https://goo.gl/fbAQLP

exports[`MainPage should display all 151 pokemon 1`] = `
<div>
  <div
    className="button-container m-auto pb-5"
  >
    <button
      className="all-btn"
      onClick={[Function]}
    >
      All
    </button>
    <button
      className="bag-btn"
      onClick={[Function]}
    >
      Bag
    </button>
  </div>
  <input
    onChange={[Function]}
    placeholder="Seach"
    type="text"
    value=""
  />
</div>
`;
